  Determinando los proyectos que se van a restaurar...
  Todos los proyectos est├ín actualizados para la restauraci├│n.
C:\Users\angel\Desktop\RestauranteFullStack\backend\Models\U374392370ReservasContext.cs(35,10): warning CS1030: #advertencia: 'To protect potentially sensitive information in your connection string, you should move it out of source code. You can avoid scaffolding the connection string by using the Name= syntax to read it from configuration - see https://go.microsoft.com/fwlink/?linkid=2131148. For more guidance on storing connection strings, see https://go.microsoft.com/fwlink/?LinkId=723263.' [C:\Users\angel\Desktop\RestauranteFullStack\backend\backend.csproj]
C:\Users\angel\Desktop\RestauranteFullStack\backend\Controllers\AuthController.cs(99,23): warning CS8618: El elemento propiedad "Email" que no acepta valores NULL debe contener un valor distinto de NULL al salir del constructor. Considere la posibilidad de agregar el modificador "required'"o declarar el propiedad como un valor que acepta valores NULL. [C:\Users\angel\Desktop\RestauranteFullStack\backend\backend.csproj]
C:\Users\angel\Desktop\RestauranteFullStack\backend\Controllers\AuthController.cs(100,23): warning CS8618: El elemento propiedad "Password" que no acepta valores NULL debe contener un valor distinto de NULL al salir del constructor. Considere la posibilidad de agregar el modificador "required'"o declarar el propiedad como un valor que acepta valores NULL. [C:\Users\angel\Desktop\RestauranteFullStack\backend\backend.csproj]
C:\Users\angel\Desktop\RestauranteFullStack\backend\Controllers\AuthController.cs(91,23): warning CS8618: El elemento propiedad "Nombre" que no acepta valores NULL debe contener un valor distinto de NULL al salir del constructor. Considere la posibilidad de agregar el modificador "required'"o declarar el propiedad como un valor que acepta valores NULL. [C:\Users\angel\Desktop\RestauranteFullStack\backend\backend.csproj]
C:\Users\angel\Desktop\RestauranteFullStack\backend\Controllers\AuthController.cs(92,23): warning CS8618: El elemento propiedad "Email" que no acepta valores NULL debe contener un valor distinto de NULL al salir del constructor. Considere la posibilidad de agregar el modificador "required'"o declarar el propiedad como un valor que acepta valores NULL. [C:\Users\angel\Desktop\RestauranteFullStack\backend\backend.csproj]
C:\Users\angel\Desktop\RestauranteFullStack\backend\Controllers\AuthController.cs(93,23): warning CS8618: El elemento propiedad "Password" que no acepta valores NULL debe contener un valor distinto de NULL al salir del constructor. Considere la posibilidad de agregar el modificador "required'"o declarar el propiedad como un valor que acepta valores NULL. [C:\Users\angel\Desktop\RestauranteFullStack\backend\backend.csproj]
C:\Users\angel\Desktop\RestauranteFullStack\backend\Program.cs(49,80): warning CS8604: Posible argumento de referencia nulo para el par├ímetro "s" en "byte[] Encoding.GetBytes(string s)". [C:\Users\angel\Desktop\RestauranteFullStack\backend\backend.csproj]
C:\Users\angel\Desktop\RestauranteFullStack\backend\Controllers\AuthController.cs(69,46): warning CS8604: Posible argumento de referencia nulo para el par├ímetro "s" en "byte[] Encoding.GetBytes(string s)". [C:\Users\angel\Desktop\RestauranteFullStack\backend\backend.csproj]
C:\Users\angel\Desktop\RestauranteFullStack\backend\Controllers\ComandasController.cs(104,40): error CS1061: "DateOnly" no contiene una definici├│n para "Date" ni un m├®todo de extensi├│n accesible "Date" que acepte un primer argumento del tipo "DateOnly" (┬┐falta alguna directiva using o una referencia de ensamblado?) [C:\Users\angel\Desktop\RestauranteFullStack\backend\backend.csproj]
C:\Users\angel\Desktop\RestauranteFullStack\backend\Controllers\ComandasController.cs(105,25): error CS0019: El operador '<=' no se puede aplicar a operandos del tipo 'TimeOnly' y 'TimeSpan' [C:\Users\angel\Desktop\RestauranteFullStack\backend\backend.csproj]
C:\Users\angel\Desktop\RestauranteFullStack\backend\Controllers\ComandasController.cs(105,55): error CS0019: El operador '>=' no se puede aplicar a operandos del tipo 'TimeOnly' y 'TimeSpan' [C:\Users\angel\Desktop\RestauranteFullStack\backend\backend.csproj]

ERROR al compilar.

C:\Users\angel\Desktop\RestauranteFullStack\backend\Models\U374392370ReservasContext.cs(35,10): warning CS1030: #advertencia: 'To protect potentially sensitive information in your connection string, you should move it out of source code. You can avoid scaffolding the connection string by using the Name= syntax to read it from configuration - see https://go.microsoft.com/fwlink/?linkid=2131148. For more guidance on storing connection strings, see https://go.microsoft.com/fwlink/?LinkId=723263.' [C:\Users\angel\Desktop\RestauranteFullStack\backend\backend.csproj]
C:\Users\angel\Desktop\RestauranteFullStack\backend\Controllers\AuthController.cs(99,23): warning CS8618: El elemento propiedad "Email" que no acepta valores NULL debe contener un valor distinto de NULL al salir del constructor. Considere la posibilidad de agregar el modificador "required'"o declarar el propiedad como un valor que acepta valores NULL. [C:\Users\angel\Desktop\RestauranteFullStack\backend\backend.csproj]
C:\Users\angel\Desktop\RestauranteFullStack\backend\Controllers\AuthController.cs(100,23): warning CS8618: El elemento propiedad "Password" que no acepta valores NULL debe contener un valor distinto de NULL al salir del constructor. Considere la posibilidad de agregar el modificador "required'"o declarar el propiedad como un valor que acepta valores NULL. [C:\Users\angel\Desktop\RestauranteFullStack\backend\backend.csproj]
C:\Users\angel\Desktop\RestauranteFullStack\backend\Controllers\AuthController.cs(91,23): warning CS8618: El elemento propiedad "Nombre" que no acepta valores NULL debe contener un valor distinto de NULL al salir del constructor. Considere la posibilidad de agregar el modificador "required'"o declarar el propiedad como un valor que acepta valores NULL. [C:\Users\angel\Desktop\RestauranteFullStack\backend\backend.csproj]
C:\Users\angel\Desktop\RestauranteFullStack\backend\Controllers\AuthController.cs(92,23): warning CS8618: El elemento propiedad "Email" que no acepta valores NULL debe contener un valor distinto de NULL al salir del constructor. Considere la posibilidad de agregar el modificador "required'"o declarar el propiedad como un valor que acepta valores NULL. [C:\Users\angel\Desktop\RestauranteFullStack\backend\backend.csproj]
C:\Users\angel\Desktop\RestauranteFullStack\backend\Controllers\AuthController.cs(93,23): warning CS8618: El elemento propiedad "Password" que no acepta valores NULL debe contener un valor distinto de NULL al salir del constructor. Considere la posibilidad de agregar el modificador "required'"o declarar el propiedad como un valor que acepta valores NULL. [C:\Users\angel\Desktop\RestauranteFullStack\backend\backend.csproj]
C:\Users\angel\Desktop\RestauranteFullStack\backend\Program.cs(49,80): warning CS8604: Posible argumento de referencia nulo para el par├ímetro "s" en "byte[] Encoding.GetBytes(string s)". [C:\Users\angel\Desktop\RestauranteFullStack\backend\backend.csproj]
C:\Users\angel\Desktop\RestauranteFullStack\backend\Controllers\AuthController.cs(69,46): warning CS8604: Posible argumento de referencia nulo para el par├ímetro "s" en "byte[] Encoding.GetBytes(string s)". [C:\Users\angel\Desktop\RestauranteFullStack\backend\backend.csproj]
C:\Users\angel\Desktop\RestauranteFullStack\backend\Controllers\ComandasController.cs(104,40): error CS1061: "DateOnly" no contiene una definici├│n para "Date" ni un m├®todo de extensi├│n accesible "Date" que acepte un primer argumento del tipo "DateOnly" (┬┐falta alguna directiva using o una referencia de ensamblado?) [C:\Users\angel\Desktop\RestauranteFullStack\backend\backend.csproj]
C:\Users\angel\Desktop\RestauranteFullStack\backend\Controllers\ComandasController.cs(105,25): error CS0019: El operador '<=' no se puede aplicar a operandos del tipo 'TimeOnly' y 'TimeSpan' [C:\Users\angel\Desktop\RestauranteFullStack\backend\backend.csproj]
C:\Users\angel\Desktop\RestauranteFullStack\backend\Controllers\ComandasController.cs(105,55): error CS0019: El operador '>=' no se puede aplicar a operandos del tipo 'TimeOnly' y 'TimeSpan' [C:\Users\angel\Desktop\RestauranteFullStack\backend\backend.csproj]
    8 Advertencia(s)
    3 Errores

Tiempo transcurrido 00:00:01.14
